
[1m[7m[36m RUN [39m[27m[22m [36mv2.1.9 [39m[90mE:/erp_wiisite/erp_system[39m

 [31mÔØ»[39m server/budgets.test.ts [2m([22m[2m5 tests[22m[2m | [22m[31m3 failed[39m[2m)[22m[90m 52[2mms[22m[39m
[31m   [31m├ù[31m budgets procedures[2m > [22mshould list budgets without filters[90m 41[2mms[22m[31m[39m
[31m     ÔåÆ Cannot read properties of undefined (reading 'Symbol(drizzle:IsAlias)')[39m
[31m   [31m├ù[31m budgets procedures[2m > [22mshould list budgets with status filter[90m 3[2mms[22m[31m[39m
[31m     ÔåÆ Cannot read properties of undefined (reading 'Symbol(drizzle:IsAlias)')[39m
[31m   [31m├ù[31m budgets procedures[2m > [22mshould create a budget with correct calculations[90m 3[2mms[22m[31m[39m
[31m     ÔåÆ Cannot read properties of undefined (reading 'budgetNumber')[39m

node.exe : [31mÔÄ»ÔÄ»Ô
Ä»ÔÄ»ÔÄ»ÔÄ»ÔÄ»[1m[7m 
Failed Tests 3 [27m[2
2mÔÄ»ÔÄ»ÔÄ»ÔÄ»ÔÄ»ÔÄ»ÔÄ»
[39m
No linha:1 caractere:1
+ & "E:\/node.exe" "E:\
/node_modules/npm/bin/n
px-cli.js" vitest run 
ser ...
+ ~~~~~~~~~~~~~~~~~~~~~
~~~~~~~~~~~~~~~~~~~~~~~
~~~~~~~~~~~~~~~~~~~~~~~
~~
    + CategoryInfo     
         : NotSpecifi  
  ed: ([31mÔÄ»ÔÄ»ÔÄ   
 »Ô...»ÔÄ»ÔÄ»ÔÄ»[3    
9m:String) [], Rem    
oteException
    + FullyQualifiedEr 
   rorId : NativeComm  
  andError
 

[31m[1m[7m FAIL 
[27m[22m[39m server/
budgets.test.ts[2m > 
[22mbudgets 
procedures[2m > 
[22mshould list 
budgets without filters
[31m[1m[7m FAIL 
[27m[22m[39m server/
budgets.test.ts[2m > 
[22mbudgets 
procedures[2m > 
[22mshould list 
budgets with status 
filter
[31m[1mTRPCError[22m
: Cannot read 
properties of 
undefined (reading 'Sym
bol(drizzle:IsAlias)')
[39m
[90m [2mÔØ»[22m 
getTableLikeName node_m
odules/.pnpm/drizzle-or
m@0.44.7_mysql2@3.17.0/
node_modules/src/utils.
ts:[2m206:5[22m[39m
[90m [2mÔØ»[22m new 
MySqlSelectQueryBuilder
Base node_modules/.pnpm
/drizzle-orm@0.44.7_mys
ql2@3.17.0/node_modules
/src/mysql-core/query-b
uilders/select.ts:[2m2
25:20[22m[39m
[90m [2mÔØ»[22m new 
MySqlSelectBase node_mo
dules/.pnpm/drizzle-orm
@0.44.7_mysql2@3.17.0/n
ode_modules/src/mysql-c
ore/query-builders/sele
ct.ts:[2m1103:8[22m[
39m
[90m [2mÔØ»[22m MySq
lSelectBuilder.from nod
e_modules/.pnpm/drizzle
-orm@0.44.7_mysql2@3.17
.0/node_modules/src/mys
ql-core/query-builders/
select.ts:[2m137:10[2
2m[39m
[36m [2mÔØ»[22m 
Module.getBudgets serve
r/db.ts:[2m2187:6[22m
[39m
    [90m2185| [39m   
 customer[33m:[39m 
customers[33m,[39m
    [90m2186| [39m   
 order[33m:[39m 
orders[33m,[39m
    [90m2187| [39m  }
)[33m.[39m[35mfrom[
39m(budgets)
    [90m   | [39m    
 [31m^[39m
    [90m2188| [39m   
 [33m.[39m[34mleftJo
in[39m(customers[33m,
[39m [34meq[39m(budg
ets[33m.[39mcustomerI
d[33m,[39m customers
[33m.[39mid))
    [90m2189| [39m   
 [33m.[39m[34mleftJo
in[39m(orders[33m,[3
9m [34meq[39m(budgets
[33m.[39mid[33m,[39
m orders[33m.[39mbudg
etId))[33m;[39m
[90m [2mÔØ»[22m serv
er/routers.ts:[2m1059:
16[22m[39m
[90m [2mÔØ»[22m 
resolveMiddleware node_
modules/.pnpm/@trpc+ser
ver@11.10.0_typescript@
5.9.3/node_modules/@trp
c/server/src/unstable-c
ore-do-not-import/proce
dureBuilder.ts:[2m576:
22[22m[39m
[90m [2mÔØ»[22m 
callRecursive node_modu
les/.pnpm/@trpc+server@
11.10.0_typescript@5.9.
3/node_modules/@trpc/se
rver/src/unstable-core-
do-not-import/procedure
Builder.ts:[2m642:20[
22m[39m

[31m[1mCaused by: 
TypeError[22m: Cannot 
read properties of 
undefined (reading 'Sym
bol(drizzle:IsAlias)')
[39m
[90m [2mÔØ»[22m 
getTableLikeName node_m
odules/.pnpm/drizzle-or
m@0.44.7_mysql2@3.17.0/
node_modules/src/utils.
ts:[2m206:5[22m[39m
[90m [2mÔØ»[22m new 
MySqlSelectQueryBuilder
Base node_modules/.pnpm
/drizzle-orm@0.44.7_mys
ql2@3.17.0/node_modules
/src/mysql-core/query-b
uilders/select.ts:[2m2
25:20[22m[39m
[90m [2mÔØ»[22m new 
MySqlSelectBase node_mo
dules/.pnpm/drizzle-orm
@0.44.7_mysql2@3.17.0/n
ode_modules/src/mysql-c
ore/query-builders/sele
ct.ts:[2m1103:8[22m[
39m
[90m [2mÔØ»[22m MySq
lSelectBuilder.from nod
e_modules/.pnpm/drizzle
-orm@0.44.7_mysql2@3.17
.0/node_modules/src/mys
ql-core/query-builders/
select.ts:[2m137:10[2
2m[39m
[36m [2mÔØ»[22m 
Module.getBudgets serve
r/db.ts:[2m2187:6[22m
[39m
[90m [2mÔØ»[22m serv
er/routers.ts:[2m1059:
16[22m[39m
[90m [2mÔØ»[22m 
resolveMiddleware node_
modules/.pnpm/@trpc+ser
ver@11.10.0_typescript@
5.9.3/node_modules/@trp
c/server/src/unstable-c
ore-do-not-import/proce
dureBuilder.ts:[2m576:
22[22m[39m
[90m [2mÔØ»[22m 
callRecursive node_modu
les/.pnpm/@trpc+server@
11.10.0_typescript@5.9.
3/node_modules/@trpc/se
rver/src/unstable-core-
do-not-import/procedure
Builder.ts:[2m642:20[
22m[39m

[31m[2mÔÄ»ÔÄ»ÔÄ»ÔÄ»ÔÄ
»ÔÄ»ÔÄ»ÔÄ»ÔÄ»ÔÄ»ÔÄ»ÔÄ»Ô
Ä»ÔÄ»ÔÄ»ÔÄ»ÔÄ»ÔÄ»ÔÄ»ÔÄ»
ÔÄ»ÔÄ»ÔÄ»ÔÄ»[1/3]ÔÄ»[2
2m[39m

[31m[1m[7m FAIL 
[27m[22m[39m server/
budgets.test.ts[2m > 
[22mbudgets 
procedures[2m > 
[22mshould create a 
budget with correct 
calculations
[31m[1mTRPCError[22m
: Cannot read 
properties of 
undefined (reading 
'budgetNumber')[39m
[36m [2mÔØ»[22m 
Module.createBudget ser
ver/db.ts:[2m2232:67[
22m[39m
    [90m2230| [39m  
[90m// Gerar n├║mero 
do or├ºamento no 
formato 
ORC-AAAA-NNN[39m
    [90m2231| [39m  
[35mconst[39m year 
[33m=[39m 
[35mnew[39m [33mDate
[39m()[33m.[39m[34m
getFullYear[39m()[33m
;[39m
    [90m2232| [39m  
[35mconst[39m 
existingBudgets 
[33m=[39m 
[35mawait[39m db[33m
.[39m[34mselect[39m(
{ budgetNumber[33m:[3
9m budgets[33m.[39mbu
dgÔÇª
    [90m   | [39m    
                       
                       
                
[31m^[39m
    [90m2233| [39m   
 [33m.[39m[35mfrom[
39m(budgets)
    [90m2234| [39m   
 [33m.[39m[34mwhere
[39m(sql[32m`[39m[36
m${[39mbudgets[33m.[
39mbudgetNumber[36m}[
39m[32m LIKE [39m[36
m${[39m[32m`ORC-[39m
[36m${[39myear[36m}
[39m[32m-%`[39m[36m}
[39m[32m`[39m)[33m;
[39m
[90m [2mÔØ»[22m serv
er/routers.ts:[2m1156:
24[22m[39m
[90m [2mÔØ»[22m 
resolveMiddleware node_
modules/.pnpm/@trpc+ser
ver@11.10.0_typescript@
5.9.3/node_modules/@trp
c/server/src/unstable-c
ore-do-not-import/proce
dureBuilder.ts:[2m576:
22[22m[39m
[90m [2mÔØ»[22m 
callRecursive node_modu
les/.pnpm/@trpc+server@
11.10.0_typescript@5.9.
3/node_modules/@trpc/se
rver/src/unstable-core-
do-not-import/procedure
Builder.ts:[2m642:20[
22m[39m

[31m[1mCaused by: 
TypeError[22m: Cannot 
read properties of 
undefined (reading 
'budgetNumber')[39m
[36m [2mÔØ»[22m 
Module.createBudget ser
ver/db.ts:[2m2232:67[
22m[39m
[90m [2mÔØ»[22m serv
er/routers.ts:[2m1156:
24[22m[39m
[90m [2mÔØ»[22m 
resolveMiddleware node_
modules/.pnpm/@trpc+ser
ver@11.10.0_typescript@
5.9.3/node_modules/@trp
c/server/src/unstable-c
ore-do-not-import/proce
dureBuilder.ts:[2m576:
22[22m[39m
[90m [2mÔØ»[22m 
callRecursive node_modu
les/.pnpm/@trpc+server@
11.10.0_typescript@5.9.
3/node_modules/@trpc/se
rver/src/unstable-core-
do-not-import/procedure
Builder.ts:[2m642:20[
22m[39m

[31m[2mÔÄ»ÔÄ»ÔÄ»ÔÄ»ÔÄ
»ÔÄ»ÔÄ»ÔÄ»ÔÄ»ÔÄ»ÔÄ»ÔÄ»Ô
Ä»ÔÄ»ÔÄ»ÔÄ»ÔÄ»ÔÄ»ÔÄ»ÔÄ»
ÔÄ»ÔÄ»ÔÄ»ÔÄ»[2/3]ÔÄ»[2
2m[39m

[2m Test Files [22m [1m[31m1 failed[39m[22m[90m (1)[39m
[2m      Tests [22m [1m[31m3 failed[39m[22m[2m | [22m[1m[32m2 passed[39m[22m[90m (5)[39m
[2m   Start at [22m 09:45:45
[2m   Duration [22m 3.10s[2m (transform 428ms, setup 52ms, collect 2.16s, tests 52ms, environment 0ms, prepare 280ms)[22m

